// Jest Snapshot v1, https://goo.gl/fbAQLP

exports[`<AppRouter /> renders with default props 1`] = `
<div>
  <Switch>
    <Route
      component={[Function]}
      exact={true}
      path="undefined/"
    />
    <Route
      component={[Function]}
      exact={true}
      key="orders"
      path="undefined/orders"
    />
    <Route
      component={[Function]}
      exact={true}
      key="orders/new"
      path="undefined/orders/new"
    />
    <Route
      component={[Function]}
      exact={true}
      key="orders/:key"
      path="undefined/orders/:key"
    />
    <Route
      component={[Function]}
      exact={true}
      key="orders/:key/refund"
      path="undefined/orders/:key/refund"
    />
    <Route
      component={[Function]}
      exact={true}
      key="stores"
      path="undefined/stores"
    />
    <Route
      component={[Function]}
      exact={true}
      key="stores/new"
      path="undefined/stores/new"
    />
    <Route
      component={[Function]}
      exact={true}
      key="stores/:key"
      path="undefined/stores/:key"
    />
    <Route
      component={[Function]}
      exact={true}
      key="stores/:key/edit"
      path="undefined/stores/:key/edit"
    />
    <Route
      component={[Function]}
      exact={true}
      key="store_products"
      path="undefined/store_products"
    />
    <Route
      component={[Function]}
      exact={true}
      key="store_products/new"
      path="undefined/store_products/new"
    />
    <Route
      component={[Function]}
      exact={true}
      key="store_products/:store_key/:id"
      path="undefined/store_products/:store_key/:id"
    />
    <Route
      component={[Function]}
      exact={true}
      key="store_products/:store_key/:id/edit"
      path="undefined/store_products/:store_key/:id/edit"
    />
    <Route
      component={[Function]}
      exact={true}
      key="store_product_variants/:store_key/:id"
      path="undefined/store_product_variants/:store_key/:id"
    />
    <Route
      component={[Function]}
      exact={true}
      key="products"
      path="undefined/products"
    />
    <Route
      component={[Function]}
      exact={true}
      key="products/new"
      path="undefined/products/new"
    />
    <Route
      component={[Function]}
      exact={true}
      key="products/:id"
      path="undefined/products/:id"
    />
    <Route
      component={[Function]}
      exact={true}
      key="products/:id/edit"
      path="undefined/products/:id/edit"
    />
    <Route
      component={[Function]}
      exact={true}
      key="product_variants/:id"
      path="undefined/product_variants/:id"
    />
    <Route
      component={[Function]}
      exact={true}
      key="warehouses"
      path="undefined/warehouses"
    />
    <Route
      component={[Function]}
      exact={true}
      key="warehouses/new"
      path="undefined/warehouses/new"
    />
    <Route
      component={[Function]}
      exact={true}
      key="warehouses/:id/edit"
      path="undefined/warehouses/:id/edit"
    />
    <Route
      component={[Function]}
      exact={true}
      key="warehouses/:id"
      path="undefined/warehouses/:id"
    />
    <Route
      component={[Function]}
      exact={true}
      key="shipping_rates"
      path="undefined/shipping_rates"
    />
    <Route
      component={[Function]}
      exact={true}
      key="shipping_rates/new"
      path="undefined/shipping_rates/new"
    />
    <Route
      component={[Function]}
      exact={true}
      key="shipping_rates/:id/edit"
      path="undefined/shipping_rates/:id/edit"
    />
    <Route
      component={[Function]}
      exact={true}
      key="shipping_rates/:id"
      path="undefined/shipping_rates/:id"
    />
    <Route
      component={[Function]}
      exact={true}
      key="legal_entities"
      path="undefined/legal_entities"
    />
    <Route
      component={[Function]}
      exact={true}
      key="legal_entities/new"
      path="undefined/legal_entities/new"
    />
    <Route
      component={[Function]}
      exact={true}
      key="legal_entities/:id/edit"
      path="undefined/legal_entities/:id/edit"
    />
    <Route
      component={[Function]}
      exact={true}
      key="legal_entities/:id"
      path="undefined/legal_entities/:id"
    />
    <Route
      component={[Function]}
      exact={true}
      key="customers"
      path="undefined/customers"
    />
    <Route
      component={[Function]}
      exact={true}
      key="customers/:id"
      path="undefined/customers/:id"
    />
  </Switch>
</div>
`;
