// Jest Snapshot v1, https://goo.gl/fbAQLP

exports[`<ProductVariantForm /> should render properly 1`] = `
<Form
  hideRequiredMark={false}
  layout="horizontal"
  onSubmit={[Function]}
  prefixCls="ant-form"
>
  <Field
    component={[Function]}
    label="Default SKU"
    name="default_sku"
    required={true}
    validate={
      Array [
        [Function],
      ]
    }
  />
  <Field
    component={[Function]}
    name="default_options"
    required={true}
    validate={
      Array [
        [Function],
      ]
    }
  />
  <CustomComponent />
</Form>
`;
